[center-p.co.jp/jhcd/index.html]
[backblue.gif]
[fade.gif]
[index.html]
[center-p.co.jp/jhcd/common/images/h_logo.png]
[center-p.co.jp/jhcd/greeting.html]
[center-p.co.jp/jhcd/about.html]
[center-p.co.jp/jhcd/report.html]
[center-p.co.jp/jhcd/membership.html]
[center-p.co.jp/jhcd/office.html]
[center-p.co.jp/jhcd/link.html]
[center-p.co.jp/jhcd/common/jhcd_questionnaire.pdf]
[center-p.co.jp/jhcd/common/images/f_logo.png]
[center-p.co.jp/jhcd/common/images/top_text.png]
[center-p.co.jp/jhcd/common/images/top_illust.png]
[center-p.co.jp/jhcd/common/files/paneldiscussion_in_tokyo_2025-3.pdf]
[center-p.co.jp/jhcd/common/images/icon_info.png]
[center-p.co.jp/jhcd/index.html]
[www.googletagmanager.com/gtm5445.html]
[center-p.co.jp/jhcd/common/css/default.css]
[center-p.co.jp/jhcd/common/css/layout.css]
[center-p.co.jp/jhcd/common/css/import8a3b.css]
[center-p.co.jp/jhcd/common/css/contents.css]
[center-p.co.jp/jhcd/common/images/img_face_oka.jpg]
[center-p.co.jp/jhcd/greeting.html]
[center-p.co.jp/jhcd/common/files/teikan_202407.pdf]
[center-p.co.jp/jhcd/about.html]
[center-p.co.jp/jhcd/common/files/JHCD_8_202407.pdf]
[center-p.co.jp/jhcd/common/files/JHCD_7_20230818.pdf]
[center-p.co.jp/jhcd/common/files/JHCD_6_20221025.pdf]
[center-p.co.jp/jhcd/common/files/JHCDposter2019.pdf]
[center-p.co.jp/jhcd/common/files/koshi.pdf]
[center-p.co.jp/jhcd/report.html]
[center-p.co.jp/jhcd/common/files/nyukai_kojin_2022.docx]
[center-p.co.jp/jhcd/common/files/nyukai_dantai_2022.docx]
[center-p.co.jp/jhcd/membership.html]
[center-p.co.jp/jhcd/office.html]
[center-p.co.jp/jhcd/link.html]
[center-p.co.jp/jhcd/common/css/default.css]
[center-p.co.jp/jhcd/common/images/bg_logo.png]
[center-p.co.jp/jhcd/common/images/bg_img.png]
[center-p.co.jp/jhcd/common/images/bg_nav_arrow.png]
[center-p.co.jp/jhcd/common/images/icon_1r_32.png]
[center-p.co.jp/jhcd/common/css/layout.css]
[center-p.co.jp/jhcd/common/css/contents.css]
[center-p.co.jp/jhcd/common/css/importe508.css]
